[    0.000000] Initializing cgroup subsys cpuset
[    0.000000] Initializing cgroup subsys cpu
[    0.000000] Initializing cgroup subsys cpuacct
[    0.000000] Linux version 4.4.0-62-generic (buildd@lcy01-30) (gcc version 5.4.0 20160609 (Ubuntu 5.4.0-6ubuntu1~16.04.4) ) #83-Ubuntu SMP Wed Jan 18 14:10:15 UTC 2017 (Ubuntu 4.4.0-62.83-generic 4.4.40)
[    0.000000] Command line: BOOT_IMAGE=/boot/vmlinuz-4.4.0-62-generic root=LABEL=cloudimg-rootfs ro console=tty1 console=ttyS0
[    0.000000] KERNEL supported cpus:
[    0.000000]   Intel GenuineIntel
[    0.000000]   AMD AuthenticAMD
[    0.000000]   Centaur CentaurHauls
[    0.000000] x86/fpu: xstate_offset[2]:  576, xstate_sizes[2]:  256
[    0.000000] x86/fpu: Supporting XSAVE feature 0x01: 'x87 floating point registers'
[    0.000000] x86/fpu: Supporting XSAVE feature 0x02: 'SSE registers'
[    0.000000] x86/fpu: Supporting XSAVE feature 0x04: 'AVX registers'
[    0.000000] x86/fpu: Enabled xstate features 0x7, context size is 832 bytes, using 'standard' format.
[    0.000000] x86/fpu: Using 'lazy' FPU context switches.
[    0.000000] e820: BIOS-provided physical RAM map:
[    0.000000] BIOS-e820: [mem 0x0000000000000000-0x000000000009fbff] usable
[    0.000000] BIOS-e820: [mem 0x000000000009fc00-0x000000000009ffff] reserved
[    0.000000] BIOS-e820: [mem 0x00000000000f0000-0x00000000000fffff] reserved
[    0.000000] BIOS-e820: [mem 0x0000000000100000-0x000000003ffeffff] usable
[    0.000000] BIOS-e820: [mem 0x000000003fff0000-0x000000003fffffff] ACPI data
[    0.000000] BIOS-e820: [mem 0x00000000fec00000-0x00000000fec00fff] reserved
[    0.000000] BIOS-e820: [mem 0x00000000fee00000-0x00000000fee00fff] reserved
[    0.000000] BIOS-e820: [mem 0x00000000fffc0000-0x00000000ffffffff] reserved
[    0.000000] NX (Execute Disable) protection: active
[    0.000000] SMBIOS 2.5 present.
[    0.000000] Hypervisor detected: KVM
[    0.000000] e820: last_pfn = 0x3fff0 max_arch_pfn = 0x400000000
[    0.000000] MTRR: Disabled
[    0.000000] x86/PAT: MTRRs disabled, skipping PAT initialization too.
[    0.000000] x86/PAT: Configuration [0-7]: WB  WT  UC- UC  WB  WT  UC- UC  
[    0.000000] CPU MTRRs all blank - virtualized system.
[    0.000000] found SMP MP-table at [mem 0x0009fff0-0x0009ffff] mapped at [ffff88000009fff0]
[    0.000000] Scanning 1 areas for low memory corruption
[    0.000000] RAMDISK: [mem 0x36b5a000-0x375a4fff]
[    0.000000] ACPI: Early table checksum verification disabled
[    0.000000] ACPI: RSDP 0x00000000000E0000 000024 (v02 VBOX  )
[    0.000000] ACPI: XSDT 0x000000003FFF0030 00003C (v01 VBOX   VBOXXSDT 00000001 ASL  00000061)
[    0.000000] ACPI: FACP 0x000000003FFF00F0 0000F4 (v04 VBOX   VBOXFACP 00000001 ASL  00000061)
[    0.000000] ACPI: DSDT 0x000000003FFF0470 00210F (v01 VBOX   VBOXBIOS 00000002 INTL 20160108)
[    0.000000] ACPI: FACS 0x000000003FFF0200 000040
[    0.000000] ACPI: FACS 0x000000003FFF0200 000040
[    0.000000] ACPI: APIC 0x000000003FFF0240 00005C (v02 VBOX   VBOXAPIC 00000001 ASL  00000061)
[    0.000000] ACPI: SSDT 0x000000003FFF02A0 0001CC (v01 VBOX   VBOXCPUT 00000002 INTL 20160108)
[    0.000000] No NUMA configuration found
[    0.000000] Faking a node at [mem 0x0000000000000000-0x000000003ffeffff]
[    0.000000] NODE_DATA(0) allocated [mem 0x3ffeb000-0x3ffeffff]
[    0.000000] kvm-clock: Using msrs 4b564d01 and 4b564d00
[    0.000000] kvm-clock: cpu 0, msr 0:3ffe3001, primary cpu clock
[    0.000000] kvm-clock: using sched offset of 3298515792 cycles
[    0.000000] clocksource: kvm-clock: mask: 0xffffffffffffffff max_cycles: 0x1cd42e4dffb, max_idle_ns: 881590591483 ns
[    0.000000] Zone ranges:
[    0.000000]   DMA      [mem 0x0000000000001000-0x0000000000ffffff]
[    0.000000]   DMA32    [mem 0x0000000001000000-0x000000003ffeffff]
[    0.000000]   Normal   empty
[    0.000000]   Device   empty
[    0.000000] Movable zone start for each node
[    0.000000] Early memory node ranges
[    0.000000]   node   0: [mem 0x0000000000001000-0x000000000009efff]
[    0.000000]   node   0: [mem 0x0000000000100000-0x000000003ffeffff]
[    0.000000] Initmem setup node 0 [mem 0x0000000000001000-0x000000003ffeffff]
[    0.000000] ACPI: PM-Timer IO Port: 0x4008
[    0.000000] IOAPIC[0]: apic_id 2, version 32, address 0xfec00000, GSI 0-23
[    0.000000] ACPI: INT_SRC_OVR (bus 0 bus_irq 0 global_irq 2 dfl dfl)
[    0.000000] ACPI: INT_SRC_OVR (bus 0 bus_irq 9 global_irq 9 high level)
[    0.000000] Using ACPI (MADT) for SMP configuration information
[    0.000000] smpboot: Allowing 2 CPUs, 0 hotplug CPUs
[    0.000000] PM: Registered nosave memory: [mem 0x00000000-0x00000fff]
[    0.000000] PM: Registered nosave memory: [mem 0x0009f000-0x0009ffff]
[    0.000000] PM: Registered nosave memory: [mem 0x000a0000-0x000effff]
[    0.000000] PM: Registered nosave memory: [mem 0x000f0000-0x000fffff]
[    0.000000] e820: [mem 0x40000000-0xfebfffff] available for PCI devices
[    0.000000] Booting paravirtualized kernel on KVM
[    0.000000] clocksource: refined-jiffies: mask: 0xffffffff max_cycles: 0xffffffff, max_idle_ns: 7645519600211568 ns
[    0.000000] setup_percpu: NR_CPUS:512 nr_cpumask_bits:512 nr_cpu_ids:2 nr_node_ids:1
[    0.000000] PERCPU: Embedded 33 pages/cpu @ffff88003fc00000 s98264 r8192 d28712 u1048576
[    0.000000] PV qspinlock hash table entries: 256 (order: 0, 4096 bytes)
[    0.000000] Built 1 zonelists in Node order, mobility grouping on.  Total pages: 257913
[    0.000000] Policy zone: DMA32
[    0.000000] Kernel command line: BOOT_IMAGE=/boot/vmlinuz-4.4.0-62-generic root=LABEL=cloudimg-rootfs ro console=tty1 console=ttyS0
[    0.000000] PID hash table entries: 4096 (order: 3, 32768 bytes)
[    0.000000] Memory: 1002040K/1048120K available (8436K kernel code, 1291K rwdata, 3960K rodata, 1488K init, 1316K bss, 46080K reserved, 0K cma-reserved)
[    0.000000] SLUB: HWalign=64, Order=0-3, MinObjects=0, CPUs=2, Nodes=1
[    0.000000] Hierarchical RCU implementation.
[    0.000000] 	Build-time adjustment of leaf fanout to 64.
[    0.000000] 	RCU restricting CPUs from NR_CPUS=512 to nr_cpu_ids=2.
[    0.000000] RCU: Adjusting geometry for rcu_fanout_leaf=64, nr_cpu_ids=2
[    0.000000] NR_IRQS:33024 nr_irqs:440 16
[    0.000000] Console: colour VGA+ 80x25
[    0.000000] console [tty1] enabled
[    0.000000] console [ttyS0] enabled
[    0.000000] tsc: Detected 2394.444 MHz processor
[    0.836744] Calibrating delay loop (skipped) preset value.. 4788.88 BogoMIPS (lpj=9577776)
[    0.856361] pid_max: default: 32768 minimum: 301
[    0.857255] ACPI: Core revision 20150930
[    0.859176] ACPI: 2 ACPI AML tables successfully acquired and loaded
[    0.860449] Security Framework initialized
[    0.861274] Yama: becoming mindful.
[    0.862022] AppArmor: AppArmor initialized
[    0.862921] Dentry cache hash table entries: 131072 (order: 8, 1048576 bytes)
[    0.864358] Inode-cache hash table entries: 65536 (order: 7, 524288 bytes)
[    0.866833] Mount-cache hash table entries: 2048 (order: 2, 16384 bytes)
[    0.906499] Mountpoint-cache hash table entries: 2048 (order: 2, 16384 bytes)
[    0.909451] Initializing cgroup subsys io
[    0.911226] Initializing cgroup subsys memory
[    0.913056] Initializing cgroup subsys devices
[    0.914899] Initializing cgroup subsys freezer
[    0.916700] Initializing cgroup subsys net_cls
[    0.918541] Initializing cgroup subsys perf_event
[    0.920490] Initializing cgroup subsys net_prio
[    0.926577] Initializing cgroup subsys hugetlb
[    0.936492] Initializing cgroup subsys pids
[    0.952621] CPU: Physical Processor ID: 0
[    1.021145] CPU: Processor Core ID: 0
[    1.027932] mce: CPU supports 0 MCE banks
[    1.028845] Last level iTLB entries: 4KB 64, 2MB 8, 4MB 8
[    1.029954] Last level dTLB entries: 4KB 64, 2MB 0, 4MB 0, 1GB 4
[    1.057534] Freeing SMP alternatives memory: 32K (ffffffff820b8000 - ffffffff820c0000)
[    1.116453] ftrace: allocating 32065 entries in 126 pages
[    1.200351] smpboot: APIC(0) Converting physical 0 to logical package 0
[    1.247695] smpboot: Max logical packages: 1
[    1.287977] x2apic enabled
[    1.325583] Switched APIC routing to physical x2apic.
[    1.406126] ..TIMER: vector=0x30 apic1=0 pin1=2 apic2=-1 pin2=-1
[    1.555128] smpboot: CPU0: Intel(R) Core(TM) i7-5500U CPU @ 2.40GHz (family: 0x6, model: 0x3d, stepping: 0x4)
[    1.573646] Performance Events: unsupported p6 CPU model 61 no PMU driver, software events only.
[    1.575652] KVM setup paravirtual spinlock
[    1.577382] x86: Booting SMP configuration:
[    1.578292] .... node  #0, CPUs:      #1
[    1.579276] kvm-clock: cpu 1, msr 0:3ffe3041, secondary cpu clock
[    1.581090] mce: CPU supports 0 MCE banks
[    1.583540] x86: Booted up 1 node, 2 CPUs
[    1.584651] smpboot: Total of 2 processors activated (9577.77 BogoMIPS)
[    1.586354] devtmpfs: initialized
[    1.594838] evm: security.selinux
[    1.595656] evm: security.SMACK64
[    1.596450] evm: security.SMACK64EXEC
[    1.597302] evm: security.SMACK64TRANSMUTE
[    1.598202] evm: security.SMACK64MMAP
[    1.599042] evm: security.ima
[    1.599796] evm: security.capability
[    1.600828] clocksource: jiffies: mask: 0xffffffff max_cycles: 0xffffffff, max_idle_ns: 7645041785100000 ns
[    1.602904] pinctrl core: initialized pinctrl subsystem
[    1.604114] RTC time: 23:08:55, date: 02/13/17
[    1.605908] NET: Registered protocol family 16
[    1.619441] cpuidle: using governor ladder
[    1.630748] cpuidle: using governor menu
[    1.631656] PCCT header not found.
[    1.632539] ACPI: bus type PCI registered
[    1.633453] acpiphp: ACPI Hot Plug PCI Controller Driver version: 0.5
[    1.634840] PCI: Using configuration type 1 for base access
[    1.647500] ACPI: Added _OSI(Module Device)
[    1.691288] ACPI: Added _OSI(Processor Device)
[    1.704373] ACPI: Added _OSI(3.0 _SCP Extensions)
[    1.731807] ACPI: Added _OSI(Processor Aggregator Device)
[    1.733578] ACPI: Executed 1 blocks of module-level executable AML code
[    1.779310] ACPI: Interpreter enabled
[    1.797676] ACPI: (supports S0 S5)
[    1.814291] ACPI: Using IOAPIC for interrupt routing
[    1.820806] PCI: Using host bridge windows from ACPI; if necessary, use "pci=nocrs" and report a bug
[    1.880608] ACPI: PCI Root Bridge [PCI0] (domain 0000 [bus 00-ff])
[    1.908657] acpi PNP0A03:00: _OSC: OS supports [ASPM ClockPM Segments MSI]
[    1.920667] acpi PNP0A03:00: _OSC failed (AE_NOT_FOUND); disabling ASPM
[    1.929748] acpi PNP0A03:00: fail to add MMCONFIG information, can't access extended PCI configuration space under this bridge.
[    1.938548] PCI host bridge to bus 0000:00
[    1.940939] pci_bus 0000:00: root bus resource [io  0x0000-0x0cf7 window]
[    1.945612] pci_bus 0000:00: root bus resource [io  0x0d00-0xffff window]
[    1.947014] pci_bus 0000:00: root bus resource [mem 0x000a0000-0x000bffff window]
[    1.995189] pci_bus 0000:00: root bus resource [mem 0x40000000-0xffdfffff window]
[    1.996920] pci_bus 0000:00: root bus resource [bus 00-ff]
[    1.999528] pci 0000:00:01.1: legacy IDE quirk: reg 0x10: [io  0x01f0-0x01f7]
[    2.000880] pci 0000:00:01.1: legacy IDE quirk: reg 0x14: [io  0x03f6]
[    2.002158] pci 0000:00:01.1: legacy IDE quirk: reg 0x18: [io  0x0170-0x0177]
[    2.003547] pci 0000:00:01.1: legacy IDE quirk: reg 0x1c: [io  0x0376]
[    2.023392] pci 0000:00:07.0: quirk: [io  0x4000-0x403f] claimed by PIIX4 ACPI
[    2.039427] pci 0000:00:07.0: quirk: [io  0x4100-0x410f] claimed by PIIX4 SMB
[    2.051617] ACPI: PCI Interrupt Link [LNKA] (IRQs 5 9 10 *11)
[    2.076037] ACPI: PCI Interrupt Link [LNKB] (IRQs 5 9 10 *11)
[    2.126418] ACPI: PCI Interrupt Link [LNKC] (IRQs 5 9 *10 11)
[    2.129180] ACPI: PCI Interrupt Link [LNKD] (IRQs 5 *9 10 11)
[    2.130864] ACPI: Enabled 2 GPEs in block 00 to 07
[    2.169548] vgaarb: setting as boot device: PCI:0000:00:02.0
[    2.227604] vgaarb: device added: PCI:0000:00:02.0,decodes=io+mem,owns=io+mem,locks=none
[    2.247950] vgaarb: loaded
[    2.248914] vgaarb: bridge control possible 0000:00:02.0
[    2.256832] SCSI subsystem initialized
[    2.285115] ACPI: bus type USB registered
[    2.325068] usbcore: registered new interface driver usbfs
[    2.359691] usbcore: registered new interface driver hub
[    2.360687] usbcore: registered new device driver usb
[    2.361880] PCI: Using ACPI for IRQ routing
[    2.363010] NetLabel: Initializing
[    2.363735] NetLabel:  domain hash size = 128
[    2.364569] NetLabel:  protocols = UNLABELED CIPSOv4
[    2.365506] NetLabel:  unlabeled traffic allowed by default
[    2.366621] amd_nb: Cannot enumerate AMD northbridges
[    2.367604] clocksource: Switched to clocksource kvm-clock
[    2.388969] AppArmor: AppArmor Filesystem Enabled
[    2.445916] pnp: PnP ACPI init
[    2.447939] pnp: PnP ACPI: found 3 devices
[    2.458506] clocksource: acpi_pm: mask: 0xffffff max_cycles: 0xffffff, max_idle_ns: 2085701024 ns
[    2.470777] NET: Registered protocol family 2
[    2.471912] TCP established hash table entries: 8192 (order: 4, 65536 bytes)
[    2.473313] TCP bind hash table entries: 8192 (order: 5, 131072 bytes)
[    2.474633] TCP: Hash tables configured (established 8192 bind 8192)
[    2.475936] UDP hash table entries: 512 (order: 2, 16384 bytes)
[    2.477144] UDP-Lite hash table entries: 512 (order: 2, 16384 bytes)
[    2.478410] NET: Registered protocol family 1
[    2.479357] pci 0000:00:00.0: Limiting direct PCI/PCI transfers
[    2.480564] pci 0000:00:01.0: Activating ISA DMA hang workarounds
[    2.482468] Trying to unpack rootfs image as initramfs...
[    4.643764] Freeing initrd memory: 10540K (ffff880036b5a000 - ffff8800375a5000)
[    4.683340] RAPL PMU detected, API unit is 2^-32 Joules, 4 fixed counters 10737418240 ms ovfl timer
[    4.727140] hw unit of domain pp0-core 2^-0 Joules
[    4.728047] hw unit of domain package 2^-0 Joules
[    4.728943] hw unit of domain dram 2^-0 Joules
[    4.729787] hw unit of domain pp1-gpu 2^-0 Joules
[    4.730742] platform rtc_cmos: registered platform RTC device (no PNP device found)
[    4.732286] Scanning for low memory corruption every 60 seconds
[    4.733773] futex hash table entries: 512 (order: 3, 32768 bytes)
[    4.735026] audit: initializing netlink subsys (disabled)
[    4.736204] audit: type=2000 audit(1487027341.538:1): initialized
[    4.737746] Initialise system trusted keyring
[    4.738911] HugeTLB registered 2 MB page size, pre-allocated 0 pages
[    4.741835] zbud: loaded
[    4.742804] VFS: Disk quotas dquot_6.6.0
[    4.743734] VFS: Dquot-cache hash table entries: 512 (order 0, 4096 bytes)
[    4.745403] squashfs: version 4.0 (2009/01/31) Phillip Lougher
[    4.746879] fuse init (API version 7.23)
[    4.747922] Key type big_key registered
[    4.748876] Allocating IMA MOK and blacklist keyrings.
[    4.751156] Key type asymmetric registered
[    4.753233] Asymmetric key parser 'x509' registered
[    4.754318] Block layer SCSI generic (bsg) driver version 0.4 loaded (major 249)
[    4.813764] io scheduler noop registered
[    4.886704] io scheduler deadline registered (default)
[    4.927064] io scheduler cfq registered
[    4.928469] pci_hotplug: PCI Hot Plug PCI Core version: 0.5
[    4.930035] pciehp: PCI Express Hot Plug Controller Driver version: 0.4
[    5.056985] ACPI: AC Adapter [AC] (on-line)
[    5.057887] input: Power Button as /devices/LNXSYSTM:00/LNXPWRBN:00/input/input0
[    5.059364] ACPI: Power Button [PWRF]
[    5.060208] input: Sleep Button as /devices/LNXSYSTM:00/LNXSLPBN:00/input/input1
[    5.061686] ACPI: Sleep Button [SLPF]
[    5.063269] ACPI: Battery Slot [BAT0] (battery present)
[    5.176479] GHES: HEST is not enabled!
[    5.180654] Serial: 8250/16550 driver, 32 ports, IRQ sharing enabled
[    5.203555] 00:02: ttyS0 at I/O 0x3f8 (irq = 4, base_baud = 115200) is a 16550A
[    5.378248] Linux agpgart interface v0.103
[    5.381892] brd: module loaded
[    5.438060] loop: module loaded
[    5.557062] scsi host0: ata_piix
[    5.566074] scsi host1: ata_piix
[    5.616379] ata1: PATA max UDMA/33 cmd 0x1f0 ctl 0x3f6 bmdma 0xd000 irq 14
[    5.729709] tsc: Refined TSC clocksource aalibration: 2396.104 MHz
[    5.729711] clocksource: tsc: mask: 0xffffffffffffffff max_cycles: 0x2289d6f745d, max_idle_ns: 440795205949 ns
[    5.935821] ata2: PATA max UDMA/33 cmd 0x170 ctl 0x376 bmdma 0xd008 irq 15
[    5.997111] libphy: Fixed MDIO Bus: probed
[    6.176365] tun: Universal TUN/TAP device driver, 1.6
[    6.286386] tun: (C) 1999-2004 Max Krasnyansky <maxk@qualcomm.com>
[    6.306980] PPP generic driver version 2.4.2
[    6.307908] ehci_hcd: USB 2.0 'Enhanced' Host Controller (EHCI) Driver
[    6.309075] ehci-pci: EHCI PCI platform driver
[    6.309953] ehci-platform: EHCI generic platform driver
[    6.310919] ohci_hcd: USB 1.1 'Open' Host Controller (OHCI) Driver
[    6.312010] ohci-pci: OHCI PCI platform driver
[    6.312920] ohci-platform: OHCI generic platform driver
[    6.313885] uhci_hcd: USB Universal Host Controller Interface driver
[    6.315064] i8042: PNP: PS/2 Controller [PNP0303:PS2K,PNP0f03:PS2M] at 0x60,0x64 irq 1,12
[    6.322013] serio: i8042 KBD port at 0x60,0x64 irq 1
[    6.456924] serio: i8042 AUX port at 0x60,0x64 irq 12
[    6.519909] mousedev: PS/2 mouse device common for all mice
[    6.557187] input: AT Translated Set 2 keyboard as /devices/platform/i8042/serio0/input/input2
[    6.567372] rtc_cmos rtc_cmos: rtc core: registered rtc_cmos as rtc0
[    6.569653] rtc_cmos rtc_cmos: alarms up to one day, 114 bytes nvram
[    6.597028] i2c /dev entries driver
[    6.603457] device-mapper: uevent: version 1.0.3
[    6.604441] device-mapper: ioctl: 4.34.0-ioctl (2015-10-28) initialised: dm-devel@redhat.com
[    6.617067] ledtrig-cpu: registered to indicate activity on CPUs
[    6.633210] NET: Registered protocol family 10
[    6.648542] NET: Registered protocol family 17
[    6.656200] Key type dns_resolver registered
[    6.666882] microcode: CPU0 sig=0x306d4, pf=0x40, revision=0x0
[    6.687895] microcode: CPU1 sig=0x306d4, pf=0x40, revision=0x0
[    6.712739] microcode: Microcode Update Driver: v2.01 <tigran@aivazian.fsnet.co.uk>, Peter Oruba
[    6.717168] registered taskstats version 1
[    6.718007] Loading compiled-in X.509 certificates
[    6.719670] Loaded X.509 cert 'Build time autogenerated kernel key: a630254739635d6fdc487c9f0afa5d9a0ff04f04'
[    6.737044] zswap: loaded using pool lzo/zbud
[    6.742013] Key type trusted registered
[    6.753009] Key type encrypted registered
[    6.766670] AppArmor: AppArmor sha1 policy hashing enabled
[    6.802109] ima: No TPM chip found, activating TPM-bypass!
[    6.836889] evm: HMAC attrs: 0x1
[    6.839023]   Magic number: 5:457:150
[    6.840925] bdi 1:2: hash matches
[    6.847717] rtc_cmos rtc_cmos: setting system clock to 2017-02-13 23:09:01 UTC (1487027341)
[    6.855064] BIOS EDD facility v0.16 2004-Jun-25, 0 devices found
[    6.858639] EDD information not available.
[    6.861069] Freeing unused kernel memory: 1488K (ffffffff81f44000 - ffffffff820b8000)
[    6.862585] Write protecting the kernel read-only data: 14336k
[    6.866176] Freeing unused kernel memory: 1792K (ffff880001840000 - ffff880001a00000)
[    6.868099] Freeing unused kernel memory: 136K (ffff880001dde000 - ffff880001e00000)
Loading, please [    6.882779] random: systemd-udevd: uninitialized urandom read (16 bytes read, 3 bits of entropy available)
wait...
starting version 229
[    6.883702] random: udevadm: uninitialized urandom read (16 bytes read, 3 bits of entropy available)
[    6.883792] random: udevadm: uninitialized urandom read (16 bytes read, 3 bits of entropy available)
[    6.883990] random: udevadm: uninitialized urandom read (16 bytes read, 3 bits of entropy available)
[    6.884063] random: udevadm: uninitialized urandom read (16 bytes read, 3 bits of entropy available)
[    6.884137] random: udevadm: uninitialized urandom read (16 bytes read, 3 bits of entropy available)
[    6.884212] random: udevadm: uninitialized urandom read (16 bytes read, 3 bits of entropy available)
[    6.884278] random: udevadm: uninitialized urandom read (16 bytes read, 3 bits of entropy available)
[    6.884341] random: udevadm: uninitialized urandom read (16 bytes read, 3 bits of entropy available)
[    6.884403] random: udevadm: uninitialized urandom read (16 bytes read, 3 bits of entropy available)
[    7.236247] e1000: Intel(R) PRO/1000 Network Driver - version 7.3.21-k8-NAPI
[    7.264090] e1000: Copyright (c) 1999-2006 Intel Corporation.
[    7.288665] AVX version of gcm_enc/dec engaged.
[    7.301306] Fusion MPT base driver 3.04.20
[    7.301306] Copyright (c) 1999-2008 LSI Corporation
[    7.308142] AES CTR mode by8 optimization enabled
[    7.321620] Fusion MPT SPI Host driver 3.04.20
[    7.490245] input: ImExPS/2 Generic Explorer Mouse as /devices/platform/i8042/serio1/input/input4
[    7.659888] e1000 0000:00:03.0 eth0: (PCI:33MHz:32-bit) 02:e4:5b:1a:6e:ce
[    7.714899] e1000 0000:00:03.0 eth0: Intel(R) PRO/1000 Network Connection
[    7.723101] mptbase: ioc0: Initiating bringup
[    7.807977] ioc0: LSI53C1030 A0: Capabilities={Initiator}
[    7.972818] scsi host2: ioc0: LSI53C1030 A0, FwRev=00000000h, Ports=1, MaxQ=256, IRQ=20
[    8.140093] scsi 2:0:0:0: Direct-Access     VBOX     HARDDISK         1.0  PQ: 0 ANSI: 5
[    8.206987] scsi target2:0:0: Beginning Domain Validation
[    8.219773] scsi target2:0:0: Domain Validation skipping write tests
[    8.227381] scsi target2:0:0: Ending Domain Validation
[    8.229528] scsi target2:0:0: asynchronous
[    8.235791] scsi 2:0:1:0: Direct-Access     VBOX     HARDDISK         1.0  PQ: 0 ANSI: 5
[    8.238612] scsi target2:0:1: Beginning Domain Validation
[    8.240807] scsi target2:0:1: Domain Validation skipping write tests
[    8.244213] scsi target2:0:1: Ending Domain Validation
[    8.251713] scsi target2:0:1: asynchronous
[    8.344951] sd 2:0:0:0: Attached scsi generic sg0 type 0
[    8.345027] sd 2:0:0:0: [sda] 20971520 512-byte logical blocks: (10.7 GB/10.0 GiB)
[    8.345160] sd 2:0:0:0: [sda] Write Protect is off
[    8.345239] sd 2:0:0:0: [sda] Incomplete mode parameter data
[    8.345241] sd 2:0:0:0: [sda] Assuming drive cache: write through
[    8.363052] sd 2:0:1:0: Attached scsi generic sg1 type 0
[    8.363161] sd 2:0:1:0: [sdb] 20480 512-byte logical blocks: (10.5 MB/10.0 MiB)
[    8.363317] sd 2:0:1:0: [sdb] Write Protect is off
[    8.363386] sd 2:0:1:0: [sdb] Incomplete mode parameter data
[    8.363387] sd 2:0:1:0: [sdb] Assuming drive cache: write through
[    8.376789]  sda: sda1
[    8.381797] sd 2:0:0:0: [sda] Attached SCSI disk
[    8.409670] sd 2:0:1:0: [sdb] Attached SCSI disk
[    8.503785] e1000 0000:00:08.0 eth1: (PCI:33MHz:32-bit) 08:00:27:1b:33:13
[    8.517755] e1000 0000:00:08.0 eth1: Intel(R) PRO/1000 Network Connection
[    8.519922] e1000 0000:00:03.0 enp0s3: renamed from eth0
[    8.583813] e1000 0000:00:08.0 enp0s8: renamed from eth1
[   10.319687] floppy0: no floppy controllers found
Begin: Loading e[   11.750112] md: linear personality registered for level -1
ssential drivers ... [   11.785169] md: multipath personality registered for level -4
[   11.815923] md: raid0 personality registered for level 0
[   11.835659] md: raid1 personality registered for level 1
[   11.912468] raid6: sse2x1   gen()  7211 MB/s
[   11.983658] raid6: sse2x1   xor()  3006 MB/s
[   12.059634] raid6: sse2x2   gen()  9003 MB/s
[   12.159661] raid6: sse2x2   xor()  5176 MB/s
[   12.263638] raid6: sse2x4   gen()  8782 MB/s
[   12.331657] raid6: sse2x4   xor()  6334 MB/s
[   12.340535] raid6: using algorithm sse2x2 gen() 9003 MB/s
[   12.341616] raid6: .... xor() 5176 MB/s, rmw enabled
[   12.342628] raid6: using ssse3x2 recovery algorithm
[   12.345361] xor: automatically using best checksumming function:
[   12.428408]    avx       : 14462.000 MB/sec
[   12.448073] async_tx: api initialized (async)
[   12.466842] md: raid6 personality registered for level 6
[   12.473224] md: raid5 personality registered for level 5
[   12.474197] md: raid4 personality registered for level 4
[   12.480913] md: raid10 personality registered for level 10
done.
Begin: Running /scripts/init-premount ... done.
Begin: Mounting root file syst[   12.547017] Btrfs loaded
em ... Begin: Running /scripts/local-top ... done.
Begin: Running /scripts/local-premount ... Scanning for Btrfs filesystems
done.
Warning: fsck not present, so skipping root file system
[   12.671767] EXT4-fs (sda1): mounted filesystem with ordered data mode. Opts: (null)
done.
Begin: Running /scripts/local-bottom ... done.
Begin: Running /scripts/init-bottom ... done.
[   13.436015] systemd[1]: systemd 229 running in system mode. (+PAM +AUDIT +SELINUX +IMA +APPARMOR +SMACK +SYSVINIT +UTMP +LIBCRYPTSETUP +GCRYPT +GNUTLS +ACL +XZ -LZ4 +SECCOMP +BLKID +ELFUTILS +KMOD -IDN)
[   13.458539] systemd[1]: Detected virtualization oracle.
[   13.459514] systemd[1]: Detected architecture x86-64.

Welcome to [1mUbuntu 16.04.2 LTS[0m!

[   13.553033] systemd[1]: Set hostname to <ubuntu>.
[   13.763033] random: nonblocking pool is initialized
[   13.843806] systemd[1]: Initializing machine ID from random generator.
[   13.916531] systemd[1]: Installed transient /etc/machine-id file.
[   14.460716] systemd[1]: Listening on Syslog Socket.
[[0;32m  OK  [0m] Listening on Syslog Socket.
[   14.506458] systemd[1]: Listening on udev Kernel Socket.
[[0;32m  OK  [0m] Listening on udev Kernel Socket.
[   14.777856] systemd[1]: Set up automount Arbitrary Executable File Formats File System Automount Point.
[[0;32m  OK  [0m] Set up automount Arbitrary Executab...ats File System Automount Point.
[   14.975796] systemd[1]: Reached target User and Group Name Lookups.
[[0;32m  OK  [0m] Reached target User and Group Name Lookups.
[   14.987945] systemd[1]: Created slice System Slice.
[[0;32m  OK  [0m] Created slice System Slice.
[   14.998291] systemd[1]: Reached target Encrypted Volumes.
[[0;32m  OK  [0m] Reached target Encrypted Volumes.
[   15.027444] systemd[1]: Started Forward Password Requests to Wall Directory Watch.
[[0;32m  OK  [0m] Started Forward Password Requests to Wall Directory Watch.
[   15.044834] systemd[1]: Listening on LVM2 metadata daemon socket.
[[0;32m  OK  [0m] Listening on LVM2 metadata daemon socket.
[   15.046990] systemd[1]: Reached target Swap.
[[0;32m  OK  [0m] Reached target Swap.
[   15.069150] systemd[1]: Listening on LVM2 poll daemon socket.
[[0;32m  OK  [0m] Listening on LVM2 poll daemon socket.
[   15.071254] systemd[1]: Listening on Journal Socket (/dev/log).
[[0;32m  OK  [0m] Listening on Journal Socket (/dev/log).
[   15.073422] systemd[1]: Listening on Journal Audit Socket.
[[0;32m  OK  [0m] Listening on Journal Audit Socket.
[   15.076376] systemd[1]: Listening on Device-mapper event daemon FIFOs.
[[0;32m  OK  [0m] Listening on Device-mapper event daemon FIFOs.
[   15.113015] systemd[1]: Listening on Journal Socket.
[[0;32m  OK  [0m] Listening on Journal Socket.
[   15.127843] systemd[1]: Starting Monitoring of LVM2 mirrors, snapshots etc. using dmeventd or progress polling...
         Starting Monitoring of LVM2 mirrors... dmeventd or progress polling...
[   15.288590] systemd[1]: Starting Set console keymap...
         Starting Set console keymap...
[   15.318565] systemd[1]: Starting Journal Service...
         Starting Journal Service...
[   15.419857] systemd[1]: Starting Uncomplicated firewall...
         Starting Uncomplicated firewall...
[   15.453955] systemd[1]: Starting Load Kernel Modules...
         Starting Load Kernel Modules...
[   15.487809] systemd[1]: Starting Nameserver information manager...
[   15.496859] Loading iSCSI transport class v2.0-870.
         Starting Nameserver information manager...
[   15.552832] systemd[1]: Created slice system-serial\x2dgetty.slice.
[[0;32m  OK  [0m] Created slice system-serial\x2dgetty.slice.
[   15.567739] systemd[1]: Mounting Debug File System...
         Mounting Debug File System...
[   15.575706] systemd[1]: Listening on /dev/initctl Compatibility Named Pipe.
[[0;32m  OK  [0m] Listening on /dev/initctl Compatibility Named Pipe.
[   15.582657] systemd[1]: Mounting Huge Pages File System...
         Mounting Huge Pages File System...
[   15.600610] iscsi: registered transport (tcp)
[   15.632558] systemd[1]: Mounting POSIX Message Queue File System...
         Mounting POSIX Message Queue File System...
[   15.649319] systemd[1]: Listening on udev Control Socket.
[[0;32m  OK  [0m] Listening on udev Control Socket.
[   15.651739] systemd[1]: Created slice User and Session Slice.
[[0;32m  OK  [0m] Created slice User and Session Slice.
[   15.675511] systemd[1]: Reached target Slices.
[[0;32m  OK  [0m] Reached target Slices.
[   15.689401] iscsi: registered transport (iser)
[   15.696521] systemd[1]: Starting Remount Root and Kernel File Systems...
[   15.699421] EXT4-fs (sda1): re-mounted. Opts: (null)
         Starting Remount Root and Kernel File Systems...
[   15.739862] systemd[1]: Starting Create list of required static device nodes for the current kernel...
         Starting Create list of required st... nodes for the current kernel...
[   15.880551] systemd[1]: Mounted POSIX Message Queue File System.
[[0;32m  OK  [0m] Mounted POSIX Message Queue File System.
[   15.983812] systemd[1]: Mounted Debug File System.
[[0;32m  OK  [0m] Mounted Debug File System.
[   15.999290] systemd[1]: Mounted Huge Pages File System.
[[0;32m  OK  [0m] Mounted Huge Pages File System.
[   16.147964] systemd[1]: Started Journal Service.
[[0;32m  OK  [0m] Started Journal Service.
[[0;32m  OK  [0m] Started Set console keymap.
[[0;32m  OK  [0m] Started Uncomplicated firewall.
[[0;32m  OK  [0m] Started Load Kernel Modules.
[[0;32m  OK  [0m] Started Remount Root and Kernel File Systems.
[[0;32m  OK  [0m] Started Create list of required sta...ce nodes for the current kernel.
[[0;32m  OK  [0m] Started Nameserver information manager.
[[0;32m  OK  [0m] Started LVM2 metadata daemon.
         Starting Create Static Device Nodes in /dev...
         Starting Load/Save Random Seed...
         Starting Initial cloud-init job (pre-networking)...
         Starting udev Coldplug all Devices...
         Starting Apply Kernel Variables...
         Mounting FUSE Control File System...
         Starting Flush Journal to Persistent Storage...
[[0;32m  OK  [0m] Mounted FUSE Control File System.
[[0;32m  OK  [0m] Started Load/Save Random Seed.
[[0;32m  OK  [0m] Started udev Coldplug all Devices.
[[0;32m  OK  [0m] Started Apply Kernel Variables.
[[0;32m  OK  [0m] Started Flush Journal to Persistent Storage.
[[0;32m  OK  [0m] Started Create Static Device Nodes in /dev.
         Starting udev Kernel Device Manager...
[[0;32m  OK  [0m] Started Monitoring of LVM2 mirrors,...ng dmeventd or progress polling.
[[0;32m  OK  [0m] Started udev Kernel Device Manager.
[[0;32m  OK  [0m] Reached target Local File Systems (Pre).
[[0;32m  OK  [0m] Reached target Local File Systems.
         Starting LSB: AppArmor initialization...
         Starting Set console font and keymap...
         Starting Tell Plymouth To Write Out Runtime Data...
         Starting Commit a transient machine-id on disk...
         Starting Create Volatile Files and Directories...
[[0;32m  OK  [0m] Started Dispatch Password Requests to Console Directory Watch.
[[0;32m  OK  [0m] Started Tell Plymouth To Write Out Runtime Data.
[[0;32m  OK  [0m] Started Commit a transient machine-id on disk.
[[0;32m  OK  [0m] Started Create Volatile Files and Directories.
[[0;32m  OK  [0m] Found device /dev/ttyS0.
         Starting Update UTMP about System Boot/Shutdown...
[[0;32m  OK  [0m] Reached target System Time Synchronized.
[[0;32m  OK  [0m] Started Update UTMP about System Boot/Shutdown.
[[0;32m  OK  [0m] Listening on Load/Save RF Kill Switch Status /dev/rfkill Watch.
[[0;32m  OK  [0m] Started LSB: AppArmor initialization.
[[0;32m  OK  [0m] Started Set console font and keymap.
[[0;32m  OK  [0m] Created slice system-getty.slice.
[   19.521530] cloud-init[464]: Cloud-init v. 0.7.8 running 'init-local' at Mon, 13 Feb 2017 23:09:15 +0000. Up 19.13 seconds.
[[0;32m  OK  [0m] Started Initial cloud-init job (pre-networking).
[[0;32m  OK  [0m] Reached target Network (Pre).
         Starting Raise network interfaces...
[[0;32m  OK  [0m] Started Raise network interfaces.
[[0;32m  OK  [0m] Reached target Network.
         Starting Initial cloud-init job (metadata service crawler)...
[   21.520439] cloud-init[1058]: Cloud-init v. 0.7.8 running 'init' at Mon, 13 Feb 2017 23:09:16 +0000. Up 20.26 seconds.
[   21.525531] cloud-init[1058]: ci-info: ++++++++++++++++++++++++++++++++++++++Net device info++++++++++++++++++++++++++++++++++++++
[   21.527419] cloud-init[1058]: ci-info: +--------+-------+----------------------------+---------------+-------+-------------------+
[   21.552816] cloud-init[1058]: ci-info: | Device |   Up  |          Address           |      Mask     | Scope |     Hw-Address    |
[   21.587754] cloud-init[1058]: ci-info: +--------+-------+----------------------------+---------------+-------+-------------------+
[   21.587966] cloud-init[1058]: ci-info: |   lo   |  True |         127.0.0.1          |   255.0.0.0   |   .   |         .         |
[   21.588326] cloud-init[1058]: ci-info: |   lo   |  True |          ::1/128           |       .       |  host |         .         |
[   21.588467] cloud-init[1058]: ci-info: | enp0s3 |  True |         10.0.2.15          | 255.255.255.0 |   .   | 02:e4:5b:1a:6e:ce |
[   21.588619] cloud-init[1058]: ci-info: | enp0s3 |  True | fe80::e4:5bff:fe1a:6ece/64 |       .       |  link | 02:e4:5b:1a:6e:ce |
[   21.588772] cloud-init[1058]: ci-info: | enp0s8 | False |             .              |       .       |   .   | 08:00:27:1b:33:13 |
[[0;32m  OK  [0m] Started Initial cloud-init job (metadata service crawler).
[   21.588928] cloud-init[1058]: ci-info: +--------+-------+----------------------------+---------------+-------+-------------------+
[   21.600708] cloud-init[1058]: ci-info: +++++++++++++++++++++++++++Route IPv4 info++++++++++++++++++++++++++++
[   21.602293] cloud-init[1058]: ci-info: +-------+-------------+----------+---------------+-----------+-------+
[   21.603909] cloud-init[1058]: ci-info: | Route | Destination | Gateway  |    Genmask    | Interface | Flags |
[   21.606611] cloud-init[1058]: ci-info: +-------+-------------+----------+---------------+-----------+-------+
[   21.606842] cloud-init[1058]: ci-info: |   0   |   0.0.0.0   | 10.0.2.2 |    0.0.0.0    |   enp0s3  |   UG  |
[   21.606989] cloud-init[1058]: ci-info: |   1   |   10.0.2.0  | 0.0.0.0  | 255.255.255.0 |   enp0s3  |   U   |
[   21.607140] cloud-init[1058]: ci-info: +-------+-------------+----------+---------------+-----------+-------+
[   21.607314] cloud-init[1058]: Generating public/private rsa key pair.
[   21.607445] cloud-init[1058]: Your identification has been saved in /etc/ssh/ssh_host_rsa_key.
[   21.607599] cloud-init[1058]: Your public key has been saved in /etc/ssh/ssh_host_rsa_key.pub.
[   21.607747] cloud-init[1058]: The key fingerprint is:
[   21.607902] cloud-init[1058]: SHA256:EQSzZ9HiKpubw4gwS7GqwQbh+A13nN0KR1jGP+/kBN4 root@ubuntu-xenial
[[0;32m  OK  [0m] Reached target System Initialization.
[[   21.608257] cloud-init[1058]: The key's randomart image is:
[   21.617755] cloud-init[1058]: +---[RSA 2048]----+
[   21.617880] cloud-init[1058]: |      o+*.       |
[   21.618041] cloud-init[1058]: |       *oo.      |
[   21.618176] cloud-init[1058]: |.     o.=o       |
[   21.618327] cloud-init[1058]: |oo   . *.o+      |
[   21.618477] cloud-init[1058]: |o.+ . =.S..=     |
[   21.618626] cloud-init[1058]: |=+ +...o .. E    |
[   21.618776] cloud-init[1058]: |=*.o.+  .  =     |
[   21.618931] cloud-init[1058]: |=.. =.      o    |
[   21.619081] cloud-init[1058]: |o   oo           |
[   21.619227] cloud-init[1058]: +----[SHA256]-----+
[   21.619374] cloud-init[1058]: Generating public/private dsa key pair.
[   21.619525] cloud-init[1058]: Your identification has been saved in /etc/ssh/ssh_host_dsa_key.
[   21.619675] cloud-init[1058]: Your public key has been saved in /etc/ssh/ssh_host_dsa_key.pub.
[   21.619827] cloud-init[1058]: The key fingerprint is:
[   21.619978] cloud-init[1058]: SHA256:bm7O7FgIHtWTJv3g45Td0p5wkgnYEciMZe4bMtdFGUc root@ubuntu-xenial
[   21.620298] cloud-init[1058]: The key's randomart image is:
[   21.620447] cloud-init[1058]: +---[DSA 1024]----+
[   21.620604] cloud-init[1058]: |     =o.o.o+E    |
[   21.620760] cloud-init[1058]: |    .o+= +..     |
[   21.620922] cloud-init[1058]: |      = X .      |
[   21.621074] cloud-init[1058]: |     o = O =     |
[   21.621397] cloud-init[1058]: |    = + S O +    |
[   21.621551] cloud-init[1058]: |   . * B . * .   |
[   21.621701] cloud-init[1058]: |    . o =   o    |
[   21.621876] cloud-init[1058]: |       B.        |
[   21.622024] cloud-init[1058]: |      .+*        |
[   21.622174] cloud-init[1058]: +----[SHA256]-----+
[   21.622329] cloud-init[1058]: Generating public/private ecdsa key pair.
[   21.622487] cloud-init[1058]: Your identification has been saved in /etc/ssh/ssh_host_ecdsa_key.
[   21.622644] cloud-init[1058]: Your public key has been saved in /etc/ssh/ssh_host_ecdsa_key.pub.
[   21.622804] cloud-init[1058]: The key fingerprint is:
[   21.622955] cloud-init[1058]: SHA256:ModsQd97KOwld9kzOJ+WX5mIEA5pm5RWq/3gvo9H250 root@ubuntu-xenial
[   21.623114] cloud-init[1058]: The key's randomart image is:
[   21.623267] cloud-init[1058]: +---[ECDSA 256]---+
[   21.623425] cloud-init[1058]: |      .  .       |
[   21.623609] cloud-init[1058]: |     . .+..      |
[   21.623745] cloud-init[1058]: |      .B.o.      |
[   21.623895] cloud-init[1058]: |     .++B .o +   |
[   21.624229] cloud-init[1058]: |      *+S== * +  |
[   21.624376] cloud-init[1058]: |     . =.=++.o.=o|
[   21.624533] cloud-init[1058]: |        ...oo.*oo|
[   21.624686] cloud-init[1058]: |        . .o o E.|
[   21.624847] cloud-init[1058]: |         ++.    .|
[   21.624999] cloud-init[1058]: +----[SHA256]-----+
[   21.625154] cloud-init[1058]: Generating public/private ed25519 key pair.
[   21.625309] cloud-init[1058]: Your identification has been saved in /etc/ssh/ssh_host_ed25519_key.
[   21.625465] cloud-init[1058]: Your public key has been saved in /etc/ssh/ssh_host_ed25519_key.pub.
[   21.625619] cloud-init[1058]: The key fingerprint is:
[   21.625774] cloud-init[1058]: SHA256:N9q+V3MWTd5h5vQcNYB/LAxse5BEuPV6hUlfwb+XILg root@ubuntu-xenial
[   21.625928] cloud-init[1058]: The key's randomart image is:
[   21.626083] cloud-init[1058]: +--[ED25519 256]--+
[   21.626249] cloud-init[1058]: |          =oo.oo+|
[   21.626394] cloud-init[1058]: |         . O . B+|
[   21.626548] cloud-init[1058]: |          = O X+O|
[   21.626706] cloud-init[1058]: |         o o X BB|
[0;32m  OK  [0m] Started Daily Cleanup of Temporary Directories.
[   21.626741] cloud-init[1058]: |        S + + = +|
[   21.658026] cloud-init[1058]: |         E o .oo+|
[   21.658243] cloud-init[1058]: |        . . .. +.|
[[0;32m  OK  [0m] Started Trigger resolvconf update for networkd DNS.
[[   21.658384] cloud-init[1058]: |         .  .    |
[   21.669293] cloud-init[1058]: |          oo     |
[   21.669384] cloud-init[1058]: +----[SHA256]-----+
[0;32m  OK  [0m] Listening on ACPID Listen Socket.
         Starting LXD - unix socket.
         Starting Socket activation for snappy daemon.
[[0;32m  OK  [0m] Started ACPI Events Check.
[[0;32m  OK  [0m] Reached target Paths.
[[0;32m  OK  [0m] Started Daily apt activities.
[[0;32m  OK  [0m] Listening on D-Bus System Message Bus Socket.
[[0;32m  OK  [0m] Listening on UUID daemon activation socket.
[[0;32m  OK  [0m] Started Timer to automatically refresh installed snaps.
[[0;32m  OK  [0m] Reached target Timers.
[[0;32m  OK  [0m] Reached target Cloud-config availability.
[[0;32m  OK  [0m] Reached target Network is Online.
         Starting iSCSI initiator daemon (iscsid)...
[[0;32m  OK  [0m] Listening on LXD - unix socket.
[[0;32m  OK  [0m] Listening on Socket activation for snappy daemon.
[[0;32m  OK  [0m] Reached target Sockets.
[[0;32m  OK  [0m] Reached target Basic System.
         Starting Apply the settings specified in cloud-config...
[[0;32m  OK  [0m] Started Deferred execution scheduler.
[[0;32m  OK  [0m] Started Snappy daemon.
[[0;32m  OK  [0m] Started ACPI event daemon.
         Starting LXD - container startup/shutdown...
         Starting Login Service...
[[0;32m  OK  [0m] Started Regular background program processing daemon.
         Starting /etc/rc.local Compatibility...
         Starting Pollinate to seed the pseudo random number generator...
         Starting LSB: MD monitoring daemon...
         Starting Accounts Service...
[[0;32m  OK  [0m] Started D-Bus System Message Bus.
[   22.786721] cloud-init[1145]: Generating locales (this might take a while)...
[[0;32m  OK  [0m] Started FUSE filesystem for LXC.
         Starting System Logging Service...
         Starting LSB: Record successful boot for GRUB...
         Starting Auto import assertions from block devices...
[[0;32m  OK  [0m] Started /etc/rc.local Compatibility.
[[0;32m  OK  [0m] Started Auto import assertions from block devices.
[[0;32m  OK  [0m] Started Login Service.
[[0;32m  OK  [0m] Started LSB: Record successful boot for GRUB.
[[0;32m  OK  [0m] Started iSCSI initiator daemon (iscsid).
[[0;32m  OK  [0m] Started LSB: MD monitoring daemon.
         Starting Login to default iSCSI targets...
         Starting Authenticate and Authorize Users to Run Privileged Tasks...
[[0;32m  OK  [0m] Started Login to default iSCSI targets.
[[0;32m  OK  [0m] Reached target Remote File Systems (Pre).
[[0;32m  OK  [0m] Reached target Remote File Systems.
         Starting Permit User Sessions...
         Starting LSB: automatic crash report generation...
         Starting LSB: Set the CPU Frequency Scaling governor to "ondemand"...
         Starting LSB: daemon to balance interrupts for SMP systems...
         Starting LSB: VirtualBox Linux Additions...
[[0;32m  OK  [0m] Started Permit User Sessions.
[[0;32m  OK  [0m] Started System Logging Service.
         Starting Terminate Plymouth Boot Screen...
         Starting Hold until boot process finishes up...
[[0;32m  OK  [0m] Started LSB: Set the CPU Frequency Scaling governor to "ondemand".
[[0;32m  OK  [0m] Started Terminate Plymouth Boot Screen.
[[0;32m  OK  [0m] Started Hold until boot process finishes up.
[[0;32m  OK  [0m] Started Authenticate and Authorize Users to Run Privileged Tasks.
[[0;32m  OK  [0m] Started Accounts Service.
[[0;32m  OK  [0m] Started Getty on tty1.
[[0;32m  OK  [0m] Started Serial Getty on ttyS0.
[[0;32m  OK  [0m] Reached target Login Prompts.
         Starting Set console scheme...
[[0;32m  OK  [0m] Started LSB: daemon to balance interrupts for SMP systems.
[[0;32m  OK  [0m] Started Set console scheme.
[[0;32m  OK  [0m] Started LSB: automatic crash report generation.
[[0;32m  OK  [0m] Started LSB: VirtualBox Linux Additions.
[   25.472869] cloud-init[1145]:   en_US.UTF-8... done
[   25.477464] cloud-init[1145]: Generation complete.
[[0;32m  OK  [0m] Started LXD - container startup/shutdown.
[[0;32m  OK  [0m] Stopped OpenBSD Secure Shell server.
         Starting OpenBSD Secure Shell server...
[[0;32m  OK  [0m] Started OpenBSD Secure Shell server.
[[0;32m  OK  [0m] Created slice User Slice of ubuntu.
         Starting User Manager for UID 1000...
[[0;32m  OK  [0m] Started Session 1 of user ubuntu.
[[0;32m  OK  [0m] Started User Manager for UID 1000.
[   27.339113] cloud-init[1145]: Cloud-init v. 0.7.8 running 'modules:config' at Mon, 13 Feb 2017 23:09:18 +0000. Up 22.18 seconds.
[[0;32m  OK  [0m] Started Apply the settings specified in cloud-config.
[[0;32m  OK  [0m] Started Pollinate to seed the pseudo random number generator.
[[0;32m  OK  [0m] Reached target Multi-User System.
         Starting Execute cloud user/final scripts...
[[0;32m  OK  [0m] Reached target Graphical Interface.
         Starting Update UTMP about System Runlevel Changes...
[[0;32m  OK  [0m] Started Update UTMP about System Runlevel Changes.
ci-info: no authorized ssh keys fingerprints found for user ubuntu.
<14>Feb 13 23:09:25 ec2: 
<14>Feb 13 23:09:25 ec2: #############################################################
<14>Feb 13 23:09:25 ec2: -----BEGIN SSH HOST KEY FINGERPRINTS-----
<14>Feb 13 23:09:25 ec2: 1024 SHA256:bm7O7FgIHtWTJv3g45Td0p5wkgnYEciMZe4bMtdFGUc root@ubuntu-xenial (DSA)
<14>Feb 13 23:09:25 ec2: 256 SHA256:ModsQd97KOwld9kzOJ+WX5mIEA5pm5RWq/3gvo9H250 root@ubuntu-xenial (ECDSA)
<14>Feb 13 23:09:25 ec2: 256 SHA256:N9q+V3MWTd5h5vQcNYB/LAxse5BEuPV6hUlfwb+XILg root@ubuntu-xenial (ED25519)
<14>Feb 13 23:09:25 ec2: 2048 SHA256:EQSzZ9HiKpubw4gwS7GqwQbh+A13nN0KR1jGP+/kBN4 root@ubuntu-xenial (RSA)
<14>Feb 13 23:09:25 ec2: -----END SSH HOST KEY FINGERPRINTS-----
<14>Feb 13 23:09:25 ec2: #############################################################
-----BEGIN SSH HOST KEY KEYS-----
ecdsa-sha2-nistp256 AAAAE2VjZHNhLXNoYTItbmlzdHAyNTYAAAAIbmlzdHAyNTYAAABBBP1KtReTxOhRS/yWPNwoTNMPG1rD65wKgE6epE3OAIXimPp6y2e2sWOWywhsfcsLfeF85u4DDp54dJzEPi7USSw= root@ubuntu-xenial
ssh-ed25519 AAAAC3NzaC1lZDI1NTE5AAAAIBOVh4mWl3T0yTNbvpYusCXs1M2ew8sowZA7UQAScSRU root@ubuntu-xenial
ssh-rsa AAAAB3NzaC1yc2EAAAADAQABAAABAQCqPa8XzmIvfb1TudzarwoYfqHSDfs2gbXpmt8LzsjQx5RI/xqYP5n6kaQXtyO0sjrla3JAs8CBjAYmZ91cSdcBqurRQ4/PyXvMWURlp7aLriHmrz6oekKnguC6eD28RffvJ+T8gBvrXJ4pTwHAkHBGDM52B5KvzevHKSo/FRZD93aqAcZBRDvfSu47H7Lzj75RQIAkry77qXNwaAHvacpl7YH5r6cNDF/Tnf6/8zpyPpHS6FvLMuhk9aAP1cTn7dePQCEPqa2yqYZG3fSifxPDbAGd2T+T0gDguBnG1cI9SEoJ775BBtykJfs5A0c8P3G3SpPRdgYnkrGRZMEZU5+F root@ubuntu-xenial
-----END SSH HOST KEY KEYS-----
[   28.657005] cloud-init[1490]: Cloud-init v. 0.7.8 running 'modules:final' at Mon, 13 Feb 2017 23:09:24 +0000. Up 28.11 seconds.
[   28.744902] cloud-init[1490]: ci-info: no authorized ssh keys fingerprints found for user ubuntu.
[   28.745079] cloud-init[1490]: Cloud-init v. 0.7.8 finished at Mon, 13 Feb 2017 23:09:25 +0000. Datasource DataSourceNoCloud [seed=/dev/sdb][dsmode=net].  Up 28.63 seconds
[[0;32m  OK  [0m] Started Execute cloud user/final scripts.
[[0;32m  OK  [0m] Reached target Cloud-init target.

Ubuntu 16.04.2 LTS ubuntu-xenial ttyS0

ubuntu-xenial login: 